---
source: crates/agentgateway/src/llm/tests.rs
description: "anthropic: request_anthropic_tools"
info:
  model: claude-opus-4-1-20250805
  max_tokens: 1024
  tools:
    - name: get_weather
      description: Get the current weather in a given location
      input_schema:
        type: object
        properties:
          location:
            type: string
            description: "The city and state, e.g. San Francisco, CA"
        required:
          - location
  messages:
    - role: user
      content: What is the weather like in San Francisco?
---
{
  "messages": [
    {
      "role": "user",
      "content": "What is the weather like in San Francisco?"
    }
  ],
  "model": "claude-opus-4-1-20250805",
  "max_completion_tokens": 1024,
  "stream": false,
  "tools": [
    {
      "type": "function",
      "function": {
        "name": "get_weather",
        "description": "Get the current weather in a given location",
        "parameters": {
          "type": "object",
          "properties": {
            "location": {
              "type": "string",
              "description": "The city and state, e.g. San Francisco, CA"
            }
          },
          "required": [
            "location"
          ]
        }
      }
    }
  ]
}
