---
source: crates/agentgateway/src/llm/tests.rs
description: src/llm/tests/response_stream-anthropic_basic.json
---
event: 
data: {"id":"msg_016wbjv5k86nxxd8CEZwSQnA","choices":[{"index":0,"delta":{"content":"Hi there! How are"}}],"created":123,"model":"claude-3-5-haiku-20241022","service_tier":null,"system_fingerprint":null,"object":"chat.completion.chunk","usage":null}

event: 
data: {"id":"msg_016wbjv5k86nxxd8CEZwSQnA","choices":[{"index":0,"delta":{"content":" you doing today?"}}],"created":123,"model":"claude-3-5-haiku-20241022","service_tier":null,"system_fingerprint":null,"object":"chat.completion.chunk","usage":null}

event: 
data: {"id":"msg_016wbjv5k86nxxd8CEZwSQnA","choices":[{"index":0,"delta":{"content":" Is"}}],"created":123,"model":"claude-3-5-haiku-20241022","service_tier":null,"system_fingerprint":null,"object":"chat.completion.chunk","usage":null}

event: 
data: {"id":"msg_016wbjv5k86nxxd8CEZwSQnA","choices":[{"index":0,"delta":{"content":" there anything I can help"}}],"created":123,"model":"claude-3-5-haiku-20241022","service_tier":null,"system_fingerprint":null,"object":"chat.completion.chunk","usage":null}

event: 
data: {"id":"msg_016wbjv5k86nxxd8CEZwSQnA","choices":[{"index":0,"delta":{"content":" you with?"}}],"created":123,"model":"claude-3-5-haiku-20241022","service_tier":null,"system_fingerprint":null,"object":"chat.completion.chunk","usage":null}

event: 
data: {"id":"msg_016wbjv5k86nxxd8CEZwSQnA","choices":[],"created":123,"model":"claude-3-5-haiku-20241022","service_tier":null,"system_fingerprint":null,"object":"chat.completion.chunk","usage":{"prompt_tokens":15,"completion_tokens":21,"total_tokens":36}}
